nohup: ignoring input
[OK] training targets=40 -> /home/najeeb/qurift_satML/pets_targets/credit_defense_training_targets.csv
[OK] tuning targets=10 -> /home/najeeb/qurift_satML/pets_targets/credit_defense_tuning_targets.csv
[GPU PLAN] profile=qnn_train mode=adaptive-capped concurrency=8
[GPU PLAN] gpu=0 used=0MiB free=81920MiB util=0% safe_capacity=1 assigned_slots=1
[GPU PLAN] gpu=1 used=0MiB free=81920MiB util=0% safe_capacity=1 assigned_slots=1
[GPU PLAN] gpu=2 used=0MiB free=81920MiB util=0% safe_capacity=1 assigned_slots=1
[GPU PLAN] gpu=3 used=0MiB free=81920MiB util=0% safe_capacity=1 assigned_slots=1
[GPU PLAN] gpu=4 used=0MiB free=81920MiB util=0% safe_capacity=1 assigned_slots=1
[GPU PLAN] gpu=5 used=41341MiB free=40579MiB util=33% safe_capacity=1 assigned_slots=1
[GPU PLAN] gpu=6 used=0MiB free=81920MiB util=0% safe_capacity=1 assigned_slots=1
[GPU PLAN] gpu=7 used=0MiB free=81920MiB util=0% safe_capacity=1 assigned_slots=1
[1/10] train_PETS_CREDIT_low_eff_su2_r1_d6_b01__tune_v2_l2_wd0p001 -> ok (gpu=0, sec=257.8)
[2/10] train_PETS_CREDIT_low_eff_su2_r1_d6_b01__tune_v2_l2_wd0p0001 -> ok (gpu=1, sec=265.3)
[3/10] train_PETS_CREDIT_high_eff_su2_r5_d6_b01__tune_v2_l2_wd0p0001 -> ok (gpu=6, sec=303.1)
[4/10] train_PETS_CREDIT_high_eff_su2_r5_d6_b01__tune_v2_l2_wd0p001 -> ok (gpu=5, sec=333.4)
[5/10] train_PETS_CREDIT_low_eff_su2_r1_d6_b01__tune_v2_watkins_dp_eps4 -> ok (gpu=3, sec=701.2)
[6/10] train_PETS_CREDIT_low_eff_su2_r1_d6_b01__tune_v2_watkins_dp_eps1 -> ok (gpu=2, sec=723.6)
[7/10] train_PETS_CREDIT_low_eff_su2_r1_d6_b01__tune_v2_watkins_dp_eps8 -> ok (gpu=4, sec=725.3)
[8/10] train_PETS_CREDIT_high_eff_su2_r5_d6_b01__tune_v2_watkins_dp_eps1 -> ok (gpu=7, sec=730.7)
[9/10] train_PETS_CREDIT_high_eff_su2_r5_d6_b01__tune_v2_watkins_dp_eps8 -> ok (gpu=1, sec=728.5)
[10/10] train_PETS_CREDIT_high_eff_su2_r5_d6_b01__tune_v2_watkins_dp_eps4 -> ok (gpu=0, sec=757.0)
Traceback (most recent call last):
  File "/home/najeeb/qurift_satML/pets_tools/select_defense_tuning.py", line 252, in <module>
    main()
  File "/home/najeeb/qurift_satML/pets_tools/select_defense_tuning.py", line 206, in main
    chosen = choose_settings(summary)
  File "/home/najeeb/qurift_satML/pets_tools/select_defense_tuning.py", line 131, in choose_settings
    raise RuntimeError(
RuntimeError: no dp_qml setting satisfies the predeclared utility constraints; expand the utility-only grid rather than inspecting attack outcomes
