nohup: ignoring input
[OK] Previous pilot HSJ outputs archived under pets_results/pilot_hsj_before_common_random_numbers_20260826T134748
[GPU PLAN] profile=label_only_hsj mode=adaptive-capped concurrency=7
[GPU PLAN] gpu=0 used=0MiB free=81920MiB util=0% safe_capacity=1 assigned_slots=1
[GPU PLAN] gpu=1 used=0MiB free=81920MiB util=0% safe_capacity=1 assigned_slots=1
[GPU PLAN] gpu=2 used=0MiB free=81920MiB util=0% safe_capacity=1 assigned_slots=1
[GPU PLAN] gpu=4 used=0MiB free=81920MiB util=0% safe_capacity=1 assigned_slots=1
[GPU PLAN] gpu=5 used=37699MiB free=44221MiB util=100% safe_capacity=1 assigned_slots=1
[GPU PLAN] gpu=6 used=0MiB free=81920MiB util=0% safe_capacity=1 assigned_slots=1
[GPU PLAN] gpu=7 used=0MiB free=81920MiB util=0% safe_capacity=1 assigned_slots=1
[1/10] hsj_PETS_CREDIT_low_eff_su2_r1_d6_b01__none_dynanoise -> ok (gpu=1, sec=454.3)
[2/10] hsj_PETS_CREDIT_low_eff_su2_r1_d6_b01__none_none -> ok (gpu=0, sec=563.9)
[3/10] hsj_PETS_CREDIT_low_eff_su2_r1_d6_b01__none_lattice_round -> ok (gpu=2, sec=582.5)
[4/10] hsj_PETS_CREDIT_high_eff_su2_r5_d6_b01__none_dynanoise -> ok (gpu=7, sec=694.7)
[5/10] hsj_PETS_CREDIT_high_eff_su2_r5_d6_b01__none_none -> ok (gpu=6, sec=868.3)
[6/10] hsj_PETS_CREDIT_high_eff_su2_r5_d6_b01__none_lattice_round -> ok (gpu=1, sec=862.3)
[7/10] hsj_PETS_CREDIT_low_eff_su2_r1_d6_b01__none_memgq_lattice -> ok (gpu=4, sec=1582.4)
[8/10] hsj_PETS_CREDIT_high_eff_su2_r5_d6_b01__none_memgq_lattice -> ok (gpu=0, sec=1831.3)
[9/10] hsj_PETS_CREDIT_high_eff_su2_r5_d6_b01__none_memgq_lattice_sticky -> ok (gpu=2, sec=1847.6)
[10/10] hsj_PETS_CREDIT_low_eff_su2_r1_d6_b01__none_memgq_lattice_sticky -> ok (gpu=5, sec=4037.6)
[GPU PLAN] profile=label_only_hsj mode=adaptive-capped concurrency=6
[GPU PLAN] gpu=0 used=0MiB free=81920MiB util=0% safe_capacity=1 assigned_slots=1
[GPU PLAN] gpu=1 used=0MiB free=81920MiB util=0% safe_capacity=1 assigned_slots=1
[GPU PLAN] gpu=2 used=0MiB free=81920MiB util=0% safe_capacity=1 assigned_slots=1
[GPU PLAN] gpu=4 used=0MiB free=81920MiB util=0% safe_capacity=1 assigned_slots=1
[GPU PLAN] gpu=5 used=37699MiB free=44221MiB util=100% safe_capacity=1 assigned_slots=1
[GPU PLAN] gpu=6 used=0MiB free=81920MiB util=0% safe_capacity=1 assigned_slots=1
[GPU PLAN] gpu=7 used=0MiB free=81920MiB util=0% safe_capacity=1 assigned_slots=0
[1/6] hsj_PETS_CREDIT_low_eff_su2_r1_d6_b01__l2_none -> ok (gpu=0, sec=38.4)
[2/6] hsj_PETS_CREDIT_low_eff_su2_r1_d6_b01__dp_qml_none -> ok (gpu=2, sec=39.7)
[3/6] hsj_PETS_CREDIT_high_eff_su2_r5_d6_b01__dp_qml_none -> ok (gpu=6, sec=51.6)
[4/6] hsj_PETS_CREDIT_high_eff_su2_r5_d6_b01__l2_none -> ok (gpu=4, sec=65.9)
[5/6] hsj_PETS_CREDIT_low_eff_su2_r1_d6_b01__hamp_train_none -> ok (gpu=1, sec=575.0)
[6/6] hsj_PETS_CREDIT_high_eff_su2_r5_d6_b01__hamp_train_none -> ok (gpu=5, sec=1631.6)
[DONE] analysis -> /home/najeeb/qurift_satML/pets_results/pilot_analysis
[OK] /home/najeeb/qurift_satML/pets_results/pilot_protocol_validation.json
[DONE] Corrected common-random-number HSJ pilot results are ready.
