All arguments: ['/home/najeeb/qurift_satML/satml_tools/noisy_lira.py', '--repo-root', '/home/najeeb/qurift_satML', '--targets', '/home/najeeb/qurift_satML/satml_targets/noise/mnist_noise_n3_lira_targets.csv', '--run-root', '/home/najeeb/qurift_satML/reviewer_runs', '--reference-dir', '/home/najeeb/qurift_satML/satml_results/noise/n3_attack_breadth/lira_references', '--out-dir', '/home/najeeb/qurift_satML/satml_results/noise/n3_attack_breadth/noisy_lira', '--snapshot', '/home/najeeb/qurift_satML/satml_results/backend_snapshots/unattended_20260818T134940Z', '--target-id', 'MNIST_QNN_zz_r5_d6_s43', '--num-references', '16', '--modes', 'ideal_shot,noisy_shot', '--shots', '512', '--simulator-seeds', '0,1,2,3,4', '--device', 'cuda', '--resume']
The first argument is: --repo-root
[GPU] Respecting CUDA_VISIBLE_DEVICES='3'
Using device: cuda
[2026-08-23 19:58:51.961] Only use the front 200 images as TRAIN set.
[2026-08-23 19:58:52.397] Only use the front 200 images as VALID set.
[2026-08-23 19:58:52.426] Only use the front 200 images as TEST set.
multi_index_rule in general encoder plus new is sum 
M Ops: ('XX', 'YY', 'ZZ', 'XY'), Pairs: [(0, 1), (1, 2), (2, 3), (3, 4), (4, 5), (5, 0)], Head in_features: 24, classes: 4
/home/najeeb/qurift_satML/reviewer_tools/qurift_target_loader.py:320: FutureWarning: You are using `torch.load` with `weights_only=False` (the current default value), which uses the default pickle module implicitly. It is possible to construct malicious pickle data which will execute arbitrary code during unpickling (See https://github.com/pytorch/pytorch/blob/main/SECURITY.md#untrusted-models for more details). In a future release, the default value for `weights_only` will be flipped to `True`. This limits the functions that could be executed during unpickling. Arbitrary objects will no longer be allowed to be loaded via this mode unless they are explicitly allowlisted by the user via `torch.serialization.add_safe_globals`. We recommend you start setting `weights_only=True` for any use case where you don't have full control of the loaded file. Please open an issue on GitHub for any issues related to this experimental feature.
  state = torch.load(model_path, map_location=device)
multi_index_rule in general encoder plus new is sum 
M Ops: ('XX', 'YY', 'ZZ', 'XY'), Pairs: [(0, 1), (1, 2), (2, 3), (3, 4), (4, 5), (5, 0)], Head in_features: 24, classes: 4
[MNIST_QNN_zz_r5_d6_s43] noisy reference 1/16
multi_index_rule in general encoder plus new is sum 
M Ops: ('XX', 'YY', 'ZZ', 'XY'), Pairs: [(0, 1), (1, 2), (2, 3), (3, 4), (4, 5), (5, 0)], Head in_features: 24, classes: 4
[MNIST_QNN_zz_r5_d6_s43] noisy reference 2/16
multi_index_rule in general encoder plus new is sum 
M Ops: ('XX', 'YY', 'ZZ', 'XY'), Pairs: [(0, 1), (1, 2), (2, 3), (3, 4), (4, 5), (5, 0)], Head in_features: 24, classes: 4
[MNIST_QNN_zz_r5_d6_s43] noisy reference 3/16
multi_index_rule in general encoder plus new is sum 
M Ops: ('XX', 'YY', 'ZZ', 'XY'), Pairs: [(0, 1), (1, 2), (2, 3), (3, 4), (4, 5), (5, 0)], Head in_features: 24, classes: 4
[MNIST_QNN_zz_r5_d6_s43] noisy reference 4/16
multi_index_rule in general encoder plus new is sum 
M Ops: ('XX', 'YY', 'ZZ', 'XY'), Pairs: [(0, 1), (1, 2), (2, 3), (3, 4), (4, 5), (5, 0)], Head in_features: 24, classes: 4
[MNIST_QNN_zz_r5_d6_s43] noisy reference 5/16
multi_index_rule in general encoder plus new is sum 
M Ops: ('XX', 'YY', 'ZZ', 'XY'), Pairs: [(0, 1), (1, 2), (2, 3), (3, 4), (4, 5), (5, 0)], Head in_features: 24, classes: 4
[MNIST_QNN_zz_r5_d6_s43] noisy reference 6/16
multi_index_rule in general encoder plus new is sum 
M Ops: ('XX', 'YY', 'ZZ', 'XY'), Pairs: [(0, 1), (1, 2), (2, 3), (3, 4), (4, 5), (5, 0)], Head in_features: 24, classes: 4
[MNIST_QNN_zz_r5_d6_s43] noisy reference 7/16
multi_index_rule in general encoder plus new is sum 
M Ops: ('XX', 'YY', 'ZZ', 'XY'), Pairs: [(0, 1), (1, 2), (2, 3), (3, 4), (4, 5), (5, 0)], Head in_features: 24, classes: 4
[MNIST_QNN_zz_r5_d6_s43] noisy reference 8/16
multi_index_rule in general encoder plus new is sum 
M Ops: ('XX', 'YY', 'ZZ', 'XY'), Pairs: [(0, 1), (1, 2), (2, 3), (3, 4), (4, 5), (5, 0)], Head in_features: 24, classes: 4
[MNIST_QNN_zz_r5_d6_s43] noisy reference 9/16
multi_index_rule in general encoder plus new is sum 
M Ops: ('XX', 'YY', 'ZZ', 'XY'), Pairs: [(0, 1), (1, 2), (2, 3), (3, 4), (4, 5), (5, 0)], Head in_features: 24, classes: 4
[MNIST_QNN_zz_r5_d6_s43] noisy reference 10/16
multi_index_rule in general encoder plus new is sum 
M Ops: ('XX', 'YY', 'ZZ', 'XY'), Pairs: [(0, 1), (1, 2), (2, 3), (3, 4), (4, 5), (5, 0)], Head in_features: 24, classes: 4
[MNIST_QNN_zz_r5_d6_s43] noisy reference 11/16
multi_index_rule in general encoder plus new is sum 
M Ops: ('XX', 'YY', 'ZZ', 'XY'), Pairs: [(0, 1), (1, 2), (2, 3), (3, 4), (4, 5), (5, 0)], Head in_features: 24, classes: 4
[MNIST_QNN_zz_r5_d6_s43] noisy reference 12/16
multi_index_rule in general encoder plus new is sum 
M Ops: ('XX', 'YY', 'ZZ', 'XY'), Pairs: [(0, 1), (1, 2), (2, 3), (3, 4), (4, 5), (5, 0)], Head in_features: 24, classes: 4
[MNIST_QNN_zz_r5_d6_s43] noisy reference 13/16
multi_index_rule in general encoder plus new is sum 
M Ops: ('XX', 'YY', 'ZZ', 'XY'), Pairs: [(0, 1), (1, 2), (2, 3), (3, 4), (4, 5), (5, 0)], Head in_features: 24, classes: 4
[MNIST_QNN_zz_r5_d6_s43] noisy reference 14/16
multi_index_rule in general encoder plus new is sum 
M Ops: ('XX', 'YY', 'ZZ', 'XY'), Pairs: [(0, 1), (1, 2), (2, 3), (3, 4), (4, 5), (5, 0)], Head in_features: 24, classes: 4
[MNIST_QNN_zz_r5_d6_s43] noisy reference 15/16
multi_index_rule in general encoder plus new is sum 
M Ops: ('XX', 'YY', 'ZZ', 'XY'), Pairs: [(0, 1), (1, 2), (2, 3), (3, 4), (4, 5), (5, 0)], Head in_features: 24, classes: 4
[MNIST_QNN_zz_r5_d6_s43] noisy reference 16/16
[OK] noisy LiRA -> /home/najeeb/qurift_satML/satml_results/noise/n3_attack_breadth/noisy_lira/target_scores/MNIST_QNN_zz_r5_d6_s43.csv
