All arguments: ['/home/najeeb/qurift_satML/reviewer_tools/qurift_label_only_boundary.py', 'score-target', '--repo-root', '/home/najeeb/qurift_satML', '--targets', '/home/najeeb/qurift_satML/satml_targets/credit_factorial_targets.csv', '--run-root', '/home/najeeb/qurift_satML/satml_runs', '--out-dir', '/home/najeeb/qurift_satML/satml_results/credit_factorial/label_only', '--target-id', 'CREDIT_QNN_zz_r1_d2_b01', '--anchors', '16', '--binary-steps', '10', '--norm', 'l2', '--query-batch-size', '64', '--bootstrap', '10000', '--seed', '2026', '--device', 'cuda', '--n-member', '200', '--n-nonmember', '2000', '--resume']
The first argument is: score-target
[GPU] Respecting CUDA_VISIBLE_DEVICES='4'
Using device: cuda
multi_index_rule in general encoder plus new is sum 
M Ops: ('XX', 'YY'), Pairs: [(0, 1), (1, 2), (2, 3), (3, 4), (4, 5), (5, 0)], Head in_features: 12, classes: 2
/home/najeeb/qurift_satML/reviewer_tools/qurift_target_loader.py:320: FutureWarning: You are using `torch.load` with `weights_only=False` (the current default value), which uses the default pickle module implicitly. It is possible to construct malicious pickle data which will execute arbitrary code during unpickling (See https://github.com/pytorch/pytorch/blob/main/SECURITY.md#untrusted-models for more details). In a future release, the default value for `weights_only` will be flipped to `True`. This limits the functions that could be executed during unpickling. Arbitrary objects will no longer be allowed to be loaded via this mode unless they are explicitly allowlisted by the user via `torch.serialization.add_safe_globals`. We recommend you start setting `weights_only=True` for any use case where you don't have full control of the loaded file. Please open an issue on GitHub for any issues related to this experimental feature.
  state = torch.load(model_path, map_location=device)
[CREDIT_QNN_zz_r1_d2_b01] 1/2200
[CREDIT_QNN_zz_r1_d2_b01] 110/2200
[CREDIT_QNN_zz_r1_d2_b01] 220/2200
[CREDIT_QNN_zz_r1_d2_b01] 330/2200
[CREDIT_QNN_zz_r1_d2_b01] 440/2200
[CREDIT_QNN_zz_r1_d2_b01] 550/2200
[CREDIT_QNN_zz_r1_d2_b01] 660/2200
[CREDIT_QNN_zz_r1_d2_b01] 770/2200
[CREDIT_QNN_zz_r1_d2_b01] 880/2200
[CREDIT_QNN_zz_r1_d2_b01] 990/2200
[CREDIT_QNN_zz_r1_d2_b01] 1100/2200
[CREDIT_QNN_zz_r1_d2_b01] 1210/2200
[CREDIT_QNN_zz_r1_d2_b01] 1320/2200
[CREDIT_QNN_zz_r1_d2_b01] 1430/2200
[CREDIT_QNN_zz_r1_d2_b01] 1540/2200
[CREDIT_QNN_zz_r1_d2_b01] 1650/2200
[CREDIT_QNN_zz_r1_d2_b01] 1760/2200
[CREDIT_QNN_zz_r1_d2_b01] 1870/2200
[CREDIT_QNN_zz_r1_d2_b01] 1980/2200
[CREDIT_QNN_zz_r1_d2_b01] 2090/2200
[CREDIT_QNN_zz_r1_d2_b01] 2200/2200
[OK] label-only boundary -> /home/najeeb/qurift_satML/satml_results/credit_factorial/label_only/target_scores/CREDIT_QNN_zz_r1_d2_b01.csv
