All arguments: ['/home/najeeb/qurift_satML/pets_tools/run_defense_hsj.py', '--repo-root', '/home/najeeb/qurift_satML', '--targets', '/home/najeeb/qurift_satML/pets_targets/credit_training_defense_hsj_targets.csv', '--target-id', 'PETS_CREDIT_low_eff_su2_r1_d6_b05__hamp_train', '--run-root', '/home/najeeb/qurift_satML/pets_runs', '--out-dir', '/home/najeeb/qurift_satML/pets_results/defenses', '--device', 'cuda', '--defense', 'none', '--hsj-records-per-class', '20', '--max-queries', '512', '--resume']
The first argument is: --repo-root
[GPU] Respecting CUDA_VISIBLE_DEVICES='2'
Using device: cuda
In SU2 encoder part
multi_index_rule in general encoder plus new is prod 
M Ops: ('XX', 'YY'), Pairs: [(0, 1), (1, 2), (2, 3), (3, 4), (4, 5), (5, 0)], Head in_features: 12, classes: 2
/home/najeeb/qurift_satML/reviewer_tools/qurift_target_loader.py:320: FutureWarning: You are using `torch.load` with `weights_only=False` (the current default value), which uses the default pickle module implicitly. It is possible to construct malicious pickle data which will execute arbitrary code during unpickling (See https://github.com/pytorch/pytorch/blob/main/SECURITY.md#untrusted-models for more details). In a future release, the default value for `weights_only` will be flipped to `True`. This limits the functions that could be executed during unpickling. Arbitrary objects will no longer be allowed to be loaded via this mode unless they are explicitly allowlisted by the user via `torch.serialization.add_safe_globals`. We recommend you start setting `weights_only=True` for any use case where you don't have full control of the loaded file. Please open an issue on GitHub for any issues related to this experimental feature.
  state = torch.load(model_path, map_location=device)
[1/40] attack_calibration member=1 distance=0.49617 queries=386
[2/40] attack_calibration member=1 distance=1.6348 queries=386
[3/40] attack_calibration member=1 distance=0.69273 queries=387
[4/40] attack_calibration member=1 distance=1.0435 queries=386
[5/40] attack_calibration member=1 distance=0 queries=0
[6/40] attack_calibration member=1 distance=1.0467 queries=386
[7/40] attack_calibration member=1 distance=0 queries=0
[8/40] attack_calibration member=1 distance=0 queries=0
[9/40] attack_calibration member=1 distance=2.2591 queries=386
[10/40] attack_calibration member=1 distance=0.99955 queries=386
[11/40] attack_calibration member=1 distance=1.0542 queries=386
[12/40] attack_calibration member=1 distance=1.3731 queries=386
[13/40] attack_calibration member=1 distance=1.7655 queries=386
[14/40] attack_calibration member=1 distance=0.63358 queries=386
[15/40] attack_calibration member=1 distance=0.92303 queries=386
[16/40] attack_calibration member=1 distance=0 queries=0
[17/40] attack_calibration member=1 distance=1.5816 queries=386
[18/40] attack_calibration member=1 distance=0 queries=0
[19/40] attack_calibration member=1 distance=0 queries=0
[20/40] attack_calibration member=1 distance=1.3327 queries=418
[21/40] attack_calibration member=0 distance=1.1897 queries=386
[22/40] attack_calibration member=0 distance=1.1174 queries=386
[23/40] attack_calibration member=0 distance=0.59525 queries=386
[24/40] attack_calibration member=0 distance=2.5621 queries=386
[25/40] attack_calibration member=0 distance=0 queries=0
[26/40] attack_calibration member=0 distance=1.1431 queries=386
[27/40] attack_calibration member=0 distance=0 queries=0
[28/40] attack_calibration member=0 distance=0 queries=0
[29/40] attack_calibration member=0 distance=1.4034 queries=386
[30/40] attack_calibration member=0 distance=1.1139 queries=386
[31/40] attack_calibration member=0 distance=2.1525 queries=418
[32/40] attack_calibration member=0 distance=1.2668 queries=386
[33/40] attack_calibration member=0 distance=0.14287 queries=386
[34/40] attack_calibration member=0 distance=0.22743 queries=386
[35/40] attack_calibration member=0 distance=0.4232 queries=418
[36/40] attack_calibration member=0 distance=0 queries=0
[37/40] attack_calibration member=0 distance=0.81983 queries=386
[38/40] attack_calibration member=0 distance=0 queries=0
[39/40] attack_calibration member=0 distance=0 queries=0
[40/40] attack_calibration member=0 distance=2.4532 queries=386
[1/40] final_evaluation member=1 distance=1.4439 queries=386
[2/40] final_evaluation member=1 distance=1.5259 queries=386
[3/40] final_evaluation member=1 distance=0.15338 queries=386
[4/40] final_evaluation member=1 distance=0.42117 queries=386
[5/40] final_evaluation member=1 distance=1.2476 queries=386
[6/40] final_evaluation member=1 distance=0 queries=0
[7/40] final_evaluation member=1 distance=1.0645 queries=386
[8/40] final_evaluation member=1 distance=0 queries=0
[9/40] final_evaluation member=1 distance=0 queries=0
[10/40] final_evaluation member=1 distance=0.23311 queries=386
[11/40] final_evaluation member=1 distance=1.2479 queries=386
[12/40] final_evaluation member=1 distance=0.32773 queries=386
[13/40] final_evaluation member=1 distance=0.9714 queries=418
[14/40] final_evaluation member=1 distance=0.41074 queries=418
[15/40] final_evaluation member=1 distance=1.7363 queries=386
[16/40] final_evaluation member=1 distance=0 queries=0
[17/40] final_evaluation member=1 distance=1.0627 queries=386
[18/40] final_evaluation member=1 distance=2.5943 queries=386
[19/40] final_evaluation member=1 distance=1.8206 queries=386
[20/40] final_evaluation member=1 distance=0 queries=0
[21/40] final_evaluation member=0 distance=0.54614 queries=386
[22/40] final_evaluation member=0 distance=2.5158 queries=386
[23/40] final_evaluation member=0 distance=1.2169 queries=386
[24/40] final_evaluation member=0 distance=1.1904 queries=386
[25/40] final_evaluation member=0 distance=0.86772 queries=418
[26/40] final_evaluation member=0 distance=0 queries=0
[27/40] final_evaluation member=0 distance=1.2237 queries=450
[28/40] final_evaluation member=0 distance=0 queries=0
[29/40] final_evaluation member=0 distance=0 queries=0
[30/40] final_evaluation member=0 distance=1.4119 queries=386
[31/40] final_evaluation member=0 distance=1.1679 queries=418
[32/40] final_evaluation member=0 distance=1.3128 queries=386
[33/40] final_evaluation member=0 distance=0.96326 queries=386
[34/40] final_evaluation member=0 distance=2.5345 queries=386
[35/40] final_evaluation member=0 distance=1.0251 queries=386
[36/40] final_evaluation member=0 distance=0 queries=0
[37/40] final_evaluation member=0 distance=1.0704 queries=386
[38/40] final_evaluation member=0 distance=1.524 queries=386
[39/40] final_evaluation member=0 distance=1.6152 queries=386
[40/40] final_evaluation member=0 distance=0 queries=0
[DONE] /home/najeeb/qurift_satML/pets_results/defenses/PETS_CREDIT_low_eff_su2_r1_d6_b05__hamp_train/hsj/none_metrics.json
