All arguments: ['/home/najeeb/qurift_satML/pets_tools/run_defense_hsj.py', '--repo-root', '/home/najeeb/qurift_satML', '--targets', '/home/najeeb/qurift_satML/pets_targets/credit_output_defense_targets.csv', '--target-id', 'PETS_CREDIT_low_eff_su2_r1_d6_b03__none', '--run-root', '/home/najeeb/qurift_satML/pets_runs', '--out-dir', '/home/najeeb/qurift_satML/pets_results/defenses', '--device', 'cuda', '--defense', 'dynanoise', '--hsj-records-per-class', '20', '--max-queries', '512', '--resume']
The first argument is: --repo-root
[GPU] Respecting CUDA_VISIBLE_DEVICES='5'
Using device: cuda
In SU2 encoder part
multi_index_rule in general encoder plus new is prod 
M Ops: ('XX', 'YY'), Pairs: [(0, 1), (1, 2), (2, 3), (3, 4), (4, 5), (5, 0)], Head in_features: 12, classes: 2
/home/najeeb/qurift_satML/reviewer_tools/qurift_target_loader.py:320: FutureWarning: You are using `torch.load` with `weights_only=False` (the current default value), which uses the default pickle module implicitly. It is possible to construct malicious pickle data which will execute arbitrary code during unpickling (See https://github.com/pytorch/pytorch/blob/main/SECURITY.md#untrusted-models for more details). In a future release, the default value for `weights_only` will be flipped to `True`. This limits the functions that could be executed during unpickling. Arbitrary objects will no longer be allowed to be loaded via this mode unless they are explicitly allowlisted by the user via `torch.serialization.add_safe_globals`. We recommend you start setting `weights_only=True` for any use case where you don't have full control of the loaded file. Please open an issue on GitHub for any issues related to this experimental feature.
  state = torch.load(model_path, map_location=device)
[1/40] attack_calibration member=1 distance=0 queries=0
[2/40] attack_calibration member=1 distance=0.0595 queries=348
[3/40] attack_calibration member=1 distance=0 queries=0
[4/40] attack_calibration member=1 distance=0 queries=387
[5/40] attack_calibration member=1 distance=0 queries=0
[6/40] attack_calibration member=1 distance=0.064794 queries=406
[7/40] attack_calibration member=1 distance=1.758e-05 queries=403
[8/40] attack_calibration member=1 distance=0 queries=0
[9/40] attack_calibration member=1 distance=0.21911 queries=170
[10/40] attack_calibration member=1 distance=0.074493 queries=270
[11/40] attack_calibration member=1 distance=0.47024 queries=396
[12/40] attack_calibration member=1 distance=0 queries=0
[13/40] attack_calibration member=1 distance=0.030385 queries=413
[14/40] attack_calibration member=1 distance=0.61637 queries=342
[15/40] attack_calibration member=1 distance=1.2385 queries=261
[16/40] attack_calibration member=1 distance=0 queries=0
[17/40] attack_calibration member=1 distance=0.35307 queries=84
[18/40] attack_calibration member=1 distance=0 queries=0
[19/40] attack_calibration member=1 distance=0 queries=0
[20/40] attack_calibration member=1 distance=0.32358 queries=359
[21/40] attack_calibration member=0 distance=0.087382 queries=412
[22/40] attack_calibration member=0 distance=0 queries=0
[23/40] attack_calibration member=0 distance=0 queries=0
[24/40] attack_calibration member=0 distance=0.11748 queries=170
[25/40] attack_calibration member=0 distance=0 queries=0
[26/40] attack_calibration member=0 distance=0.20402 queries=395
[27/40] attack_calibration member=0 distance=0 queries=0
[28/40] attack_calibration member=0 distance=0 queries=0
[29/40] attack_calibration member=0 distance=0.62455 queries=159
[30/40] attack_calibration member=0 distance=0.069606 queries=397
[31/40] attack_calibration member=0 distance=0.21046 queries=396
[32/40] attack_calibration member=0 distance=0.12201 queries=386
[33/40] attack_calibration member=0 distance=0.010772 queries=397
[34/40] attack_calibration member=0 distance=0.066214 queries=405
[35/40] attack_calibration member=0 distance=0.52589 queries=84
[36/40] attack_calibration member=0 distance=0 queries=0
[37/40] attack_calibration member=0 distance=0.10829 queries=392
[38/40] attack_calibration member=0 distance=0.014963 queries=398
[39/40] attack_calibration member=0 distance=0 queries=0
[40/40] attack_calibration member=0 distance=0.16602 queries=415
[1/40] final_evaluation member=1 distance=0 queries=0
[2/40] final_evaluation member=1 distance=0.087541 queries=394
[3/40] final_evaluation member=1 distance=0 queries=0
[4/40] final_evaluation member=1 distance=0.087089 queries=397
[5/40] final_evaluation member=1 distance=0 queries=0
[6/40] final_evaluation member=1 distance=0.043778 queries=399
[7/40] final_evaluation member=1 distance=0.18654 queries=400
[8/40] final_evaluation member=1 distance=0.0062607 queries=394
[9/40] final_evaluation member=1 distance=0 queries=0
[10/40] final_evaluation member=1 distance=0.077572 queries=303
[11/40] final_evaluation member=1 distance=0.006351 queries=408
[12/40] final_evaluation member=1 distance=1.4383 queries=129
[13/40] final_evaluation member=1 distance=0.079718 queries=356
[14/40] final_evaluation member=1 distance=0.23768 queries=399
[15/40] final_evaluation member=1 distance=0.21783 queries=395
[16/40] final_evaluation member=1 distance=0 queries=0
[17/40] final_evaluation member=1 distance=0.82663 queries=84
[18/40] final_evaluation member=1 distance=0.19419 queries=257
[19/40] final_evaluation member=1 distance=0.022755 queries=352
[20/40] final_evaluation member=1 distance=0 queries=0
[21/40] final_evaluation member=0 distance=0.74248 queries=84
[22/40] final_evaluation member=0 distance=0.32632 queries=228
[23/40] final_evaluation member=0 distance=0.092505 queries=388
[24/40] final_evaluation member=0 distance=0.21877 queries=390
[25/40] final_evaluation member=0 distance=2.0641 queries=127
[26/40] final_evaluation member=0 distance=0 queries=0
[27/40] final_evaluation member=0 distance=0.42366 queries=389
[28/40] final_evaluation member=0 distance=0 queries=0
[29/40] final_evaluation member=0 distance=0 queries=0
[30/40] final_evaluation member=0 distance=0 queries=0
[31/40] final_evaluation member=0 distance=0.055535 queries=265
[32/40] final_evaluation member=0 distance=0.28557 queries=258
[33/40] final_evaluation member=0 distance=0.5633 queries=392
[34/40] final_evaluation member=0 distance=0.11094 queries=355
[35/40] final_evaluation member=0 distance=0.20828 queries=398
[36/40] final_evaluation member=0 distance=0 queries=0
[37/40] final_evaluation member=0 distance=0.57742 queries=407
[38/40] final_evaluation member=0 distance=0 queries=0
[39/40] final_evaluation member=0 distance=0.9571 queries=127
[40/40] final_evaluation member=0 distance=1.374e-05 queries=389
[DONE] /home/najeeb/qurift_satML/pets_results/defenses/PETS_CREDIT_low_eff_su2_r1_d6_b03__none/hsj/dynanoise_metrics.json
