All arguments: ['/home/najeeb/qurift_satML/pets_tools/run_defense_hsj.py', '--repo-root', '/home/najeeb/qurift_satML', '--targets', '/home/najeeb/qurift_satML/pets_targets/credit_output_defense_targets.csv', '--target-id', 'PETS_CREDIT_high_eff_su2_r5_d6_b03__none', '--run-root', '/home/najeeb/qurift_satML/pets_runs', '--out-dir', '/home/najeeb/qurift_satML/pets_results/defenses', '--device', 'cuda', '--defense', 'memgq_lattice_sticky', '--hsj-records-per-class', '20', '--max-queries', '512', '--resume']
The first argument is: --repo-root
[GPU] Respecting CUDA_VISIBLE_DEVICES='6'
Using device: cuda
In SU2 encoder part
multi_index_rule in general encoder plus new is prod 
M Ops: ('XX', 'YY'), Pairs: [(0, 1), (1, 2), (2, 3), (3, 4), (4, 5), (5, 0)], Head in_features: 12, classes: 2
/home/najeeb/qurift_satML/reviewer_tools/qurift_target_loader.py:320: FutureWarning: You are using `torch.load` with `weights_only=False` (the current default value), which uses the default pickle module implicitly. It is possible to construct malicious pickle data which will execute arbitrary code during unpickling (See https://github.com/pytorch/pytorch/blob/main/SECURITY.md#untrusted-models for more details). In a future release, the default value for `weights_only` will be flipped to `True`. This limits the functions that could be executed during unpickling. Arbitrary objects will no longer be allowed to be loaded via this mode unless they are explicitly allowlisted by the user via `torch.serialization.add_safe_globals`. We recommend you start setting `weights_only=True` for any use case where you don't have full control of the loaded file. Please open an issue on GitHub for any issues related to this experimental feature.
  state = torch.load(model_path, map_location=device)
[1/40] attack_calibration member=1 distance=0.037201 queries=388
[2/40] attack_calibration member=1 distance=0.75232 queries=394
[3/40] attack_calibration member=1 distance=0.76756 queries=395
[4/40] attack_calibration member=1 distance=0 queries=0
[5/40] attack_calibration member=1 distance=0 queries=0
[6/40] attack_calibration member=1 distance=0.07861 queries=388
[7/40] attack_calibration member=1 distance=0.031639 queries=387
[8/40] attack_calibration member=1 distance=0 queries=0
[9/40] attack_calibration member=1 distance=0.33676 queries=388
[10/40] attack_calibration member=1 distance=0.85884 queries=390
[11/40] attack_calibration member=1 distance=0.47569 queries=386
[12/40] attack_calibration member=1 distance=0.82424 queries=392
[13/40] attack_calibration member=1 distance=1.0478 queries=389
[14/40] attack_calibration member=1 distance=0.64649 queries=386
[15/40] attack_calibration member=1 distance=0.3415 queries=386
[16/40] attack_calibration member=1 distance=0 queries=0
[17/40] attack_calibration member=1 distance=0.35655 queries=392
[18/40] attack_calibration member=1 distance=0.018887 queries=387
[19/40] attack_calibration member=1 distance=0 queries=0
[20/40] attack_calibration member=1 distance=0.21427 queries=386
[21/40] attack_calibration member=0 distance=0.1066 queries=386
[22/40] attack_calibration member=0 distance=0.46827 queries=389
[23/40] attack_calibration member=0 distance=0.076649 queries=386
[24/40] attack_calibration member=0 distance=0.70811 queries=389
[25/40] attack_calibration member=0 distance=0 queries=0
[26/40] attack_calibration member=0 distance=0.44255 queries=388
[27/40] attack_calibration member=0 distance=0 queries=0
[28/40] attack_calibration member=0 distance=0 queries=0
[29/40] attack_calibration member=0 distance=0.24744 queries=387
[30/40] attack_calibration member=0 distance=0.31406 queries=386
[31/40] attack_calibration member=0 distance=0.18872 queries=386
[32/40] attack_calibration member=0 distance=0.040613 queries=386
[33/40] attack_calibration member=0 distance=0.058309 queries=387
[34/40] attack_calibration member=0 distance=0.092434 queries=386
[35/40] attack_calibration member=0 distance=1.1513 queries=389
[36/40] attack_calibration member=0 distance=0 queries=0
[37/40] attack_calibration member=0 distance=0.31642 queries=388
[38/40] attack_calibration member=0 distance=0.050632 queries=386
[39/40] attack_calibration member=0 distance=0.054395 queries=386
[40/40] attack_calibration member=0 distance=0.20898 queries=386
[1/40] final_evaluation member=1 distance=0.55851 queries=388
[2/40] final_evaluation member=1 distance=0.05038 queries=386
[3/40] final_evaluation member=1 distance=0.15994 queries=387
[4/40] final_evaluation member=1 distance=0.10777 queries=386
[5/40] final_evaluation member=1 distance=1.2491 queries=388
[6/40] final_evaluation member=1 distance=0.12563 queries=386
[7/40] final_evaluation member=1 distance=0.79398 queries=389
[8/40] final_evaluation member=1 distance=0.094202 queries=386
[9/40] final_evaluation member=1 distance=0 queries=0
[10/40] final_evaluation member=1 distance=0.58331 queries=389
[11/40] final_evaluation member=1 distance=0.050291 queries=386
[12/40] final_evaluation member=1 distance=0.60128 queries=390
[13/40] final_evaluation member=1 distance=0.90914 queries=395
[14/40] final_evaluation member=1 distance=0.84712 queries=390
[15/40] final_evaluation member=1 distance=0.25222 queries=386
[16/40] final_evaluation member=1 distance=0 queries=0
[17/40] final_evaluation member=1 distance=0.45942 queries=387
[18/40] final_evaluation member=1 distance=0.27878 queries=386
[19/40] final_evaluation member=1 distance=0.053377 queries=387
[20/40] final_evaluation member=1 distance=0.0064904 queries=386
[21/40] final_evaluation member=0 distance=0.54614 queries=390
[22/40] final_evaluation member=0 distance=0.33518 queries=386
[23/40] final_evaluation member=0 distance=0.1049 queries=387
[24/40] final_evaluation member=0 distance=0.74416 queries=393
[25/40] final_evaluation member=0 distance=0.68542 queries=392
[26/40] final_evaluation member=0 distance=0 queries=0
[27/40] final_evaluation member=0 distance=0 queries=0
[28/40] final_evaluation member=0 distance=0 queries=0
[29/40] final_evaluation member=0 distance=0 queries=0
[30/40] final_evaluation member=0 distance=0 queries=0
[31/40] final_evaluation member=0 distance=0.15047 queries=388
[32/40] final_evaluation member=0 distance=0.21315 queries=387
[33/40] final_evaluation member=0 distance=0.36123 queries=387
[34/40] final_evaluation member=0 distance=0.056927 queries=388
[35/40] final_evaluation member=0 distance=0.080587 queries=387
[36/40] final_evaluation member=0 distance=0 queries=0
[37/40] final_evaluation member=0 distance=0.29217 queries=386
[38/40] final_evaluation member=0 distance=0.37718 queries=386
[39/40] final_evaluation member=0 distance=0.95882 queries=391
[40/40] final_evaluation member=0 distance=0.064165 queries=386
[DONE] /home/najeeb/qurift_satML/pets_results/defenses/PETS_CREDIT_high_eff_su2_r5_d6_b03__none/hsj/memgq_lattice_sticky_metrics.json
