All arguments: ['/home/najeeb/qurift_satML/reviewer_tools/qurift_lira_attack.py', 'train-reference', '--repo-root', '/home/najeeb/qurift_satML', '--targets', '/home/najeeb/qurift_satML/satml_targets/noise/mnist_noise_n3_lira_targets.csv', '--run-root', '/home/najeeb/qurift_satML/reviewer_runs', '--out-dir', '/home/najeeb/qurift_satML/satml_results/noise/n3_attack_breadth/lira_references', '--reference-dir', '/home/najeeb/qurift_satML/satml_results/noise/n3_attack_breadth/lira_references', '--target-id', 'MNIST_QNN_zz_r5_d6_s43', '--reference-id', '13', '--num-references', '16', '--seed', '2026', '--device', 'cuda', '--save-checkpoint', '--resume']
The first argument is: train-reference
[GPU] Respecting CUDA_VISIBLE_DEVICES='5'
Using device: cuda
[2026-08-23 19:39:53.789] Only use the front 200 images as TRAIN set.
[2026-08-23 19:39:54.267] Only use the front 200 images as VALID set.
[2026-08-23 19:39:54.310] Only use the front 200 images as TEST set.
multi_index_rule in general encoder plus new is sum 
M Ops: ('XX', 'YY', 'ZZ', 'XY'), Pairs: [(0, 1), (1, 2), (2, 3), (3, 4), (4, 5), (5, 0)], Head in_features: 24, classes: 4
[reference 013] epoch=1/100 train_acc=0.305 valid_acc=0.320
[reference 013] epoch=10/100 train_acc=0.665 valid_acc=0.485
[reference 013] epoch=20/100 train_acc=0.725 valid_acc=0.555
[reference 013] epoch=30/100 train_acc=0.800 valid_acc=0.565
[reference 013] epoch=40/100 train_acc=0.805 valid_acc=0.590
[reference 013] epoch=50/100 train_acc=0.800 valid_acc=0.555
[reference 013] epoch=60/100 train_acc=0.875 valid_acc=0.590
[reference 013] epoch=70/100 train_acc=0.895 valid_acc=0.575
[reference 013] epoch=80/100 train_acc=0.900 valid_acc=0.560
[reference 013] epoch=90/100 train_acc=0.910 valid_acc=0.580
[reference 013] epoch=100/100 train_acc=0.915 valid_acc=0.585
[OK] reference -> /home/najeeb/qurift_satML/satml_results/noise/n3_attack_breadth/lira_references/reference_models/zz_r5_d6_wd0/reference_013.npz
