All arguments: ['/home/najeeb/qurift_satML/reviewer_tools/qurift_lira_attack.py', 'train-reference', '--repo-root', '/home/najeeb/qurift_satML', '--targets', '/home/najeeb/qurift_satML/satml_targets/noise/mnist_noise_n3_lira_targets.csv', '--run-root', '/home/najeeb/qurift_satML/reviewer_runs', '--out-dir', '/home/najeeb/qurift_satML/satml_results/noise/n3_attack_breadth/lira_references', '--reference-dir', '/home/najeeb/qurift_satML/satml_results/noise/n3_attack_breadth/lira_references', '--target-id', 'MNIST_QNN_zz_r5_d6_s43', '--reference-id', '11', '--num-references', '16', '--seed', '2026', '--device', 'cuda', '--save-checkpoint', '--resume']
The first argument is: train-reference
[GPU] Respecting CUDA_VISIBLE_DEVICES='3'
Using device: cuda
[2026-08-23 19:39:56.903] Only use the front 200 images as TRAIN set.
[2026-08-23 19:39:57.345] Only use the front 200 images as VALID set.
[2026-08-23 19:39:57.373] Only use the front 200 images as TEST set.
multi_index_rule in general encoder plus new is sum 
M Ops: ('XX', 'YY', 'ZZ', 'XY'), Pairs: [(0, 1), (1, 2), (2, 3), (3, 4), (4, 5), (5, 0)], Head in_features: 24, classes: 4
[reference 011] epoch=1/100 train_acc=0.300 valid_acc=0.435
[reference 011] epoch=10/100 train_acc=0.655 valid_acc=0.485
[reference 011] epoch=20/100 train_acc=0.790 valid_acc=0.525
[reference 011] epoch=30/100 train_acc=0.790 valid_acc=0.515
[reference 011] epoch=40/100 train_acc=0.830 valid_acc=0.560
[reference 011] epoch=50/100 train_acc=0.835 valid_acc=0.530
[reference 011] epoch=60/100 train_acc=0.850 valid_acc=0.535
[reference 011] epoch=70/100 train_acc=0.860 valid_acc=0.550
[reference 011] epoch=80/100 train_acc=0.880 valid_acc=0.560
[reference 011] epoch=90/100 train_acc=0.885 valid_acc=0.550
[reference 011] epoch=100/100 train_acc=0.885 valid_acc=0.550
[OK] reference -> /home/najeeb/qurift_satML/satml_results/noise/n3_attack_breadth/lira_references/reference_models/zz_r5_d6_wd0/reference_011.npz
