All arguments: ['/home/najeeb/qurift_satML/reviewer_tools/qurift_lira_attack.py', 'train-reference', '--repo-root', '/home/najeeb/qurift_satML', '--targets', '/home/najeeb/qurift_satML/satml_targets/noise/mnist_noise_n3_lira_targets.csv', '--run-root', '/home/najeeb/qurift_satML/reviewer_runs', '--out-dir', '/home/najeeb/qurift_satML/satml_results/noise/n3_attack_breadth/lira_references', '--reference-dir', '/home/najeeb/qurift_satML/satml_results/noise/n3_attack_breadth/lira_references', '--target-id', 'MNIST_QNN_eff_su2_r1_d6_s43', '--reference-id', '13', '--num-references', '16', '--seed', '2026', '--device', 'cuda', '--save-checkpoint', '--resume']
The first argument is: train-reference
[GPU] Respecting CUDA_VISIBLE_DEVICES='5'
Using device: cuda
[2026-08-23 19:39:56.961] Only use the front 200 images as TRAIN set.
[2026-08-23 19:39:57.422] Only use the front 200 images as VALID set.
[2026-08-23 19:39:57.451] Only use the front 200 images as TEST set.
In SU2 encoder part
multi_index_rule in general encoder plus new is prod 
M Ops: ('XX', 'YY', 'ZZ', 'XY'), Pairs: [(0, 1), (1, 2), (2, 3), (3, 4), (4, 5), (5, 0)], Head in_features: 24, classes: 4
[reference 013] epoch=1/100 train_acc=0.335 valid_acc=0.525
[reference 013] epoch=10/100 train_acc=0.585 valid_acc=0.560
[reference 013] epoch=20/100 train_acc=0.635 valid_acc=0.680
[reference 013] epoch=30/100 train_acc=0.660 valid_acc=0.700
[reference 013] epoch=40/100 train_acc=0.690 valid_acc=0.720
[reference 013] epoch=50/100 train_acc=0.725 valid_acc=0.775
[reference 013] epoch=60/100 train_acc=0.730 valid_acc=0.735
[reference 013] epoch=70/100 train_acc=0.785 valid_acc=0.775
[reference 013] epoch=80/100 train_acc=0.765 valid_acc=0.760
[reference 013] epoch=90/100 train_acc=0.805 valid_acc=0.780
[reference 013] epoch=100/100 train_acc=0.800 valid_acc=0.775
[OK] reference -> /home/najeeb/qurift_satML/satml_results/noise/n3_attack_breadth/lira_references/reference_models/eff_su2_r1_d6_wd0/reference_013.npz
