All arguments: ['/home/najeeb/qurift_satML/reviewer_tools/qurift_lira_attack.py', 'train-reference', '--repo-root', '/home/najeeb/qurift_satML', '--targets', '/home/najeeb/qurift_satML/satml_targets/noise/mnist_noise_n3_lira_targets.csv', '--run-root', '/home/najeeb/qurift_satML/reviewer_runs', '--out-dir', '/home/najeeb/qurift_satML/satml_results/noise/n3_attack_breadth/lira_references', '--reference-dir', '/home/najeeb/qurift_satML/satml_results/noise/n3_attack_breadth/lira_references', '--target-id', 'MNIST_QNN_zz_r5_d6_s43', '--reference-id', '1', '--num-references', '16', '--seed', '2026', '--device', 'cuda', '--save-checkpoint', '--resume']
The first argument is: train-reference
[GPU] Respecting CUDA_VISIBLE_DEVICES='1'
Using device: cuda
[2026-08-23 19:39:46.392] Only use the front 200 images as TRAIN set.
[2026-08-23 19:39:46.832] Only use the front 200 images as VALID set.
[2026-08-23 19:39:46.862] Only use the front 200 images as TEST set.
multi_index_rule in general encoder plus new is sum 
M Ops: ('XX', 'YY', 'ZZ', 'XY'), Pairs: [(0, 1), (1, 2), (2, 3), (3, 4), (4, 5), (5, 0)], Head in_features: 24, classes: 4
[reference 001] epoch=1/100 train_acc=0.310 valid_acc=0.310
[reference 001] epoch=10/100 train_acc=0.630 valid_acc=0.485
[reference 001] epoch=20/100 train_acc=0.660 valid_acc=0.570
[reference 001] epoch=30/100 train_acc=0.690 valid_acc=0.590
[reference 001] epoch=40/100 train_acc=0.700 valid_acc=0.575
[reference 001] epoch=50/100 train_acc=0.760 valid_acc=0.575
[reference 001] epoch=60/100 train_acc=0.805 valid_acc=0.545
[reference 001] epoch=70/100 train_acc=0.825 valid_acc=0.575
[reference 001] epoch=80/100 train_acc=0.830 valid_acc=0.565
[reference 001] epoch=90/100 train_acc=0.835 valid_acc=0.560
[reference 001] epoch=100/100 train_acc=0.835 valid_acc=0.575
[OK] reference -> /home/najeeb/qurift_satML/satml_results/noise/n3_attack_breadth/lira_references/reference_models/zz_r5_d6_wd0/reference_001.npz
