All arguments: ['/home/najeeb/qurift_satML/reviewer_tools/qurift_lira_attack.py', 'train-reference', '--repo-root', '/home/najeeb/qurift_satML', '--targets', '/home/najeeb/qurift_satML/satml_targets/noise/mnist_noise_n3_lira_targets.csv', '--run-root', '/home/najeeb/qurift_satML/reviewer_runs', '--out-dir', '/home/najeeb/qurift_satML/satml_results/noise/n3_attack_breadth/lira_references', '--reference-dir', '/home/najeeb/qurift_satML/satml_results/noise/n3_attack_breadth/lira_references', '--target-id', 'MNIST_QNN_zz_r5_d6_s43', '--reference-id', '6', '--num-references', '16', '--seed', '2026', '--device', 'cuda', '--save-checkpoint', '--resume']
The first argument is: train-reference
[GPU] Respecting CUDA_VISIBLE_DEVICES='6'
Using device: cuda
[2026-08-23 19:39:57.050] Only use the front 200 images as TRAIN set.
[2026-08-23 19:39:57.501] Only use the front 200 images as VALID set.
[2026-08-23 19:39:57.535] Only use the front 200 images as TEST set.
multi_index_rule in general encoder plus new is sum 
M Ops: ('XX', 'YY', 'ZZ', 'XY'), Pairs: [(0, 1), (1, 2), (2, 3), (3, 4), (4, 5), (5, 0)], Head in_features: 24, classes: 4
[reference 006] epoch=1/100 train_acc=0.345 valid_acc=0.385
[reference 006] epoch=10/100 train_acc=0.585 valid_acc=0.485
[reference 006] epoch=20/100 train_acc=0.710 valid_acc=0.535
[reference 006] epoch=30/100 train_acc=0.730 valid_acc=0.505
[reference 006] epoch=40/100 train_acc=0.755 valid_acc=0.485
[reference 006] epoch=50/100 train_acc=0.805 valid_acc=0.465
[reference 006] epoch=60/100 train_acc=0.835 valid_acc=0.475
[reference 006] epoch=70/100 train_acc=0.845 valid_acc=0.465
[reference 006] epoch=80/100 train_acc=0.880 valid_acc=0.470
[reference 006] epoch=90/100 train_acc=0.880 valid_acc=0.470
[reference 006] epoch=100/100 train_acc=0.880 valid_acc=0.470
[OK] reference -> /home/najeeb/qurift_satML/satml_results/noise/n3_attack_breadth/lira_references/reference_models/zz_r5_d6_wd0/reference_006.npz
