All arguments: ['/home/najeeb/qurift_satML/reviewer_tools/qurift_lira_attack.py', 'train-reference', '--repo-root', '/home/najeeb/qurift_satML', '--targets', '/home/najeeb/qurift_satML/satml_targets/noise/mnist_noise_n3_lira_targets.csv', '--run-root', '/home/najeeb/qurift_satML/reviewer_runs', '--out-dir', '/home/najeeb/qurift_satML/satml_results/noise/n3_attack_breadth/lira_references', '--reference-dir', '/home/najeeb/qurift_satML/satml_results/noise/n3_attack_breadth/lira_references', '--target-id', 'MNIST_QNN_zz_r5_d6_s43', '--reference-id', '3', '--num-references', '16', '--seed', '2026', '--device', 'cuda', '--save-checkpoint', '--resume']
The first argument is: train-reference
[GPU] Respecting CUDA_VISIBLE_DEVICES='3'
Using device: cuda
[2026-08-23 19:39:56.412] Only use the front 200 images as TRAIN set.
[2026-08-23 19:39:56.859] Only use the front 200 images as VALID set.
[2026-08-23 19:39:56.888] Only use the front 200 images as TEST set.
multi_index_rule in general encoder plus new is sum 
M Ops: ('XX', 'YY', 'ZZ', 'XY'), Pairs: [(0, 1), (1, 2), (2, 3), (3, 4), (4, 5), (5, 0)], Head in_features: 24, classes: 4
[reference 003] epoch=1/100 train_acc=0.315 valid_acc=0.400
[reference 003] epoch=10/100 train_acc=0.695 valid_acc=0.505
[reference 003] epoch=20/100 train_acc=0.685 valid_acc=0.490
[reference 003] epoch=30/100 train_acc=0.775 valid_acc=0.495
[reference 003] epoch=40/100 train_acc=0.795 valid_acc=0.505
[reference 003] epoch=50/100 train_acc=0.800 valid_acc=0.480
[reference 003] epoch=60/100 train_acc=0.870 valid_acc=0.480
[reference 003] epoch=70/100 train_acc=0.885 valid_acc=0.475
[reference 003] epoch=80/100 train_acc=0.895 valid_acc=0.480
[reference 003] epoch=90/100 train_acc=0.910 valid_acc=0.490
[reference 003] epoch=100/100 train_acc=0.915 valid_acc=0.490
[OK] reference -> /home/najeeb/qurift_satML/satml_results/noise/n3_attack_breadth/lira_references/reference_models/zz_r5_d6_wd0/reference_003.npz
