GPUs=[0, 1, 2, 3, 4, 5, 6, 7]; jobs_per_gpu=1; concurrency=8; targets=96
[1/96] label_only_CREDIT_QNN_z_r1_d2_b01 -> ok (gpu=0, sec=554.0)
[2/96] label_only_CREDIT_QNN_zz_r1_d2_b01 -> ok (gpu=4, sec=790.0)
[3/96] label_only_CREDIT_QNN_eff_su2_r1_d2_b01 -> ok (gpu=0, sec=568.6)
[4/96] label_only_CREDIT_QNN_z_r1_d6_b01 -> ok (gpu=1, sec=1316.2)
[5/96] label_only_CREDIT_QNN_z_r5_d2_b01 -> ok (gpu=2, sec=1327.8)
[6/96] label_only_CREDIT_QNN_zz_r1_d6_b01 -> ok (gpu=5, sec=1444.1)
[7/96] label_only_CREDIT_QNN_zz_r5_d2_b01 -> ok (gpu=6, sec=1665.3)
[8/96] label_only_CREDIT_QNN_z_r1_d2_b02 -> ok (gpu=2, sec=595.5)
[9/96] label_only_CREDIT_QNN_z_r5_d6_b01 -> ok (gpu=3, sec=1964.5)
[10/96] label_only_CREDIT_QNN_eff_su2_r1_d6_b01 -> ok (gpu=4, sec=1373.8)
[11/96] label_only_CREDIT_QNN_eff_su2_r5_d2_b01 -> ok (gpu=0, sec=1161.5)
[12/96] label_only_CREDIT_QNN_zz_r5_d6_b01 -> ok (gpu=7, sec=2328.9)
[13/96] label_only_CREDIT_QNN_zz_r1_d2_b02 -> ok (gpu=3, sec=734.3)
[14/96] label_only_CREDIT_QNN_z_r5_d2_b02 -> ok (gpu=6, sec=1037.3)
[15/96] label_only_CREDIT_QNN_z_r1_d6_b02 -> ok (gpu=5, sec=1355.6)
[16/96] label_only_CREDIT_QNN_eff_su2_r5_d6_b01 -> ok (gpu=1, sec=1897.8)
[17/96] label_only_CREDIT_QNN_eff_su2_r1_d2_b02 -> ok (gpu=3, sec=562.5)
[18/96] label_only_CREDIT_QNN_z_r1_d2_b03 -> error (gpu=3, sec=11.1)
[19/96] label_only_CREDIT_QNN_z_r1_d6_b03 -> error (gpu=3, sec=13.8)
[20/96] label_only_CREDIT_QNN_zz_r1_d6_b02 -> ok (gpu=4, sec=1503.2)
[21/96] label_only_CREDIT_QNN_z_r5_d6_b02 -> ok (gpu=2, sec=1885.5)
[22/96] label_only_CREDIT_QNN_zz_r5_d2_b02 -> ok (gpu=0, sec=1672.4)
[23/96] label_only_CREDIT_QNN_zz_r1_d6_b03 -> error (gpu=0, sec=18.5)
[24/96] label_only_CREDIT_QNN_eff_su2_r5_d2_b02 -> ok (gpu=5, sec=1187.5)
[25/96] label_only_CREDIT_QNN_eff_su2_r1_d6_b02 -> ok (gpu=6, sec=1290.1)
[26/96] label_only_CREDIT_QNN_z_r5_d2_b03 -> ok (gpu=3, sec=1109.4)
[27/96] label_only_CREDIT_QNN_eff_su2_r1_d6_b03 -> error (gpu=3, sec=11.5)
[28/96] label_only_CREDIT_QNN_zz_r1_d2_b03 -> ok (gpu=2, sec=665.0)
[29/96] label_only_CREDIT_QNN_eff_su2_r1_d2_b03 -> ok (gpu=6, sec=563.3)
[30/96] label_only_CREDIT_QNN_zz_r5_d6_b02 -> ok (gpu=7, sec=2381.9)
[31/96] label_only_CREDIT_QNN_z_r1_d2_b04 -> ok (gpu=6, sec=537.1)
[32/96] label_only_CREDIT_QNN_eff_su2_r5_d6_b02 -> ok (gpu=1, sec=1888.4)
[33/96] label_only_CREDIT_QNN_z_r5_d6_b03 -> ok (gpu=4, sec=1818.8)
[34/96] label_only_CREDIT_QNN_eff_su2_r5_d2_b03 -> ok (gpu=3, sec=1163.3)
[35/96] label_only_CREDIT_QNN_zz_r5_d2_b03 -> ok (gpu=0, sec=1629.3)
[36/96] label_only_CREDIT_QNN_z_r1_d6_b04 -> ok (gpu=7, sec=1256.1)
[37/96] label_only_CREDIT_QNN_z_r5_d2_b04 -> ok (gpu=6, sec=1004.4)
[38/96] label_only_CREDIT_QNN_zz_r1_d2_b04 -> ok (gpu=4, sec=672.6)
[39/96] label_only_CREDIT_QNN_zz_r5_d6_b03 -> ok (gpu=5, sec=2312.5)
[40/96] label_only_CREDIT_QNN_eff_su2_r5_d6_b03 -> ok (gpu=2, sec=1966.0)
[41/96] label_only_CREDIT_QNN_eff_su2_r1_d2_b04 -> ok (gpu=6, sec=550.5)
[42/96] label_only_CREDIT_QNN_z_r5_d6_b04 -> ok (gpu=1, sec=1741.6)
[43/96] label_only_CREDIT_QNN_zz_r1_d6_b04 -> ok (gpu=3, sec=1574.9)
[44/96] label_only_CREDIT_QNN_z_r1_d2_b05 -> ok (gpu=6, sec=532.6)
[45/96] label_only_CREDIT_QNN_zz_r5_d2_b04 -> ok (gpu=0, sec=1631.7)
[46/96] label_only_CREDIT_QNN_eff_su2_r5_d2_b04 -> ok (gpu=5, sec=1138.0)
[47/96] label_only_CREDIT_QNN_eff_su2_r1_d6_b04 -> ok (gpu=4, sec=1303.6)
[48/96] label_only_CREDIT_QNN_zz_r1_d2_b05 -> ok (gpu=0, sec=664.5)
[49/96] label_only_CREDIT_QNN_z_r1_d6_b05 -> ok (gpu=1, sec=1275.2)
[50/96] label_only_CREDIT_QNN_z_r5_d2_b05 -> ok (gpu=3, sec=1112.1)
[51/96] label_only_CREDIT_QNN_zz_r5_d6_b04 -> ok (gpu=7, sec=2303.4)
[52/96] label_only_CREDIT_QNN_eff_su2_r5_d6_b04 -> ok (gpu=2, sec=1927.5)
[53/96] label_only_CREDIT_QNN_eff_su2_r1_d2_b05 -> ok (gpu=1, sec=559.5)
[54/96] label_only_CREDIT_QNN_zz_r1_d6_b05 -> ok (gpu=5, sec=1371.4)
[55/96] label_only_CREDIT_QNN_z_r5_d6_b05 -> ok (gpu=6, sec=1705.2)
[56/96] label_only_CREDIT_QNN_zz_r5_d2_b05 -> ok (gpu=4, sec=1607.5)
[57/96] label_only_CREDIT_QNN_z_r1_d2_b06 -> ok (gpu=1, sec=555.2)
[58/96] label_only_CREDIT_QNN_eff_su2_r5_d2_b05 -> ok (gpu=7, sec=1144.8)
[59/96] label_only_CREDIT_QNN_eff_su2_r1_d6_b05 -> ok (gpu=3, sec=1287.7)
[60/96] label_only_CREDIT_QNN_zz_r1_d2_b06 -> ok (gpu=1, sec=671.0)
[61/96] label_only_CREDIT_QNN_z_r5_d2_b06 -> ok (gpu=6, sec=1048.5)
[62/96] label_only_CREDIT_QNN_z_r1_d6_b06 -> ok (gpu=5, sec=1281.9)
[63/96] label_only_CREDIT_QNN_eff_su2_r5_d6_b05 -> ok (gpu=2, sec=1888.0)
[64/96] label_only_CREDIT_QNN_zz_r5_d6_b05 -> ok (gpu=0, sec=2357.4)
[65/96] label_only_CREDIT_QNN_eff_su2_r1_d2_b06 -> ok (gpu=6, sec=571.9)
[66/96] label_only_CREDIT_QNN_zz_r1_d6_b06 -> ok (gpu=7, sec=1436.8)
[67/96] label_only_CREDIT_QNN_z_r5_d6_b06 -> ok (gpu=4, sec=1791.7)
[68/96] label_only_CREDIT_QNN_z_r1_d2_b07 -> ok (gpu=6, sec=542.7)
[69/96] label_only_CREDIT_QNN_zz_r5_d2_b06 -> ok (gpu=3, sec=1708.7)
[70/96] label_only_CREDIT_QNN_eff_su2_r1_d6_b06 -> ok (gpu=5, sec=1304.9)
[71/96] label_only_CREDIT_QNN_eff_su2_r5_d2_b06 -> ok (gpu=2, sec=1188.0)
[72/96] label_only_CREDIT_QNN_z_r5_d2_b07 -> ok (gpu=4, sec=1016.8)
[73/96] label_only_CREDIT_QNN_zz_r1_d2_b07 -> ok (gpu=3, sec=666.9)
[74/96] label_only_CREDIT_QNN_eff_su2_r1_d2_b07 -> error (gpu=3, sec=9.6)
[75/96] label_only_CREDIT_QNN_z_r1_d6_b07 -> ok (gpu=7, sec=1262.2)
[76/96] label_only_CREDIT_QNN_eff_su2_r5_d6_b06 -> ok (gpu=0, sec=1917.8)
[77/96] label_only_CREDIT_QNN_zz_r5_d6_b06 -> ok (gpu=1, sec=2445.2)
[78/96] label_only_CREDIT_QNN_zz_r1_d6_b07 -> ok (gpu=5, sec=1383.5)
[79/96] label_only_CREDIT_QNN_z_r5_d6_b07 -> ok (gpu=6, sec=1747.4)
[80/96] label_only_CREDIT_QNN_z_r1_d2_b08 -> ok (gpu=1, sec=546.0)
[81/96] label_only_CREDIT_QNN_zz_r5_d2_b07 -> ok (gpu=2, sec=1674.5)
[82/96] label_only_CREDIT_QNN_eff_su2_r1_d6_b07 -> ok (gpu=3, sec=1318.0)
[83/96] label_only_CREDIT_QNN_eff_su2_r5_d2_b07 -> ok (gpu=7, sec=1137.0)
[84/96] label_only_CREDIT_QNN_zz_r1_d2_b08 -> ok (gpu=2, sec=673.9)
[85/96] label_only_CREDIT_QNN_z_r5_d2_b08 -> ok (gpu=6, sec=1047.3)
[86/96] label_only_CREDIT_QNN_eff_su2_r1_d2_b08 -> error (gpu=6, sec=9.4)
[87/96] label_only_CREDIT_QNN_eff_su2_r1_d6_b08 -> error (gpu=6, sec=11.1)
[88/96] label_only_CREDIT_QNN_eff_su2_r5_d6_b07 -> ok (gpu=0, sec=1866.8)
[89/96] label_only_CREDIT_QNN_z_r1_d6_b08 -> ok (gpu=5, sec=1268.1)
[90/96] label_only_CREDIT_QNN_zz_r5_d6_b07 -> ok (gpu=4, sec=2410.6)
[91/96] label_only_CREDIT_QNN_zz_r1_d6_b08 -> ok (gpu=3, sec=1408.8)
[92/96] label_only_CREDIT_QNN_z_r5_d6_b08 -> ok (gpu=1, sec=1793.3)
[93/96] label_only_CREDIT_QNN_zz_r5_d2_b08 -> ok (gpu=7, sec=1664.4)
[94/96] label_only_CREDIT_QNN_eff_su2_r5_d2_b08 -> ok (gpu=6, sec=1144.9)
[95/96] label_only_CREDIT_QNN_eff_su2_r5_d6_b08 -> ok (gpu=0, sec=1890.8)
[96/96] label_only_CREDIT_QNN_zz_r5_d6_b08 -> ok (gpu=2, sec=2412.1)
Label-only evaluation failed; inspect /home/najeeb/qurift_satML/satml_results/credit_factorial/label_only/target_scoring_status.csv
