All arguments: ['/home/najeeb/qurift_satML/pets_tools/train_defended_target.py', '--repo-root', '/home/najeeb/qurift_satML', '--targets', '/home/najeeb/qurift_satML/pets_targets/credit_defense_tuning_targets.csv', '--target-id', 'PETS_CREDIT_low_eff_su2_r1_d6_b01__tune_dp_eps64', '--run-root', '/home/najeeb/qurift_satML/pets_runs', '--device', 'cuda', '--resume']
The first argument is: --repo-root
[GPU] Respecting CUDA_VISIBLE_DEVICES='5'
Using device: cuda
In SU2 encoder part
multi_index_rule in general encoder plus new is prod 
M Ops: ('XX', 'YY'), Pairs: [(0, 1), (1, 2), (2, 3), (3, 4), (4, 5), (5, 0)], Head in_features: 12, classes: 2
epoch=1/100 sampled=14.15
epoch=2/100 sampled=16.69
epoch=3/100 sampled=16.69
epoch=4/100 sampled=16.69
epoch=5/100 sampled=17.08
epoch=6/100 sampled=15.38
epoch=7/100 sampled=16.31
epoch=8/100 sampled=16.15
epoch=9/100 sampled=14.38
epoch=10/100 sampled=15.54
epoch=11/100 sampled=15.69
epoch=12/100 sampled=15.31
epoch=13/100 sampled=14.69
epoch=14/100 sampled=15.23
epoch=15/100 sampled=16.46
epoch=16/100 sampled=17.62
epoch=17/100 sampled=14.62
epoch=18/100 sampled=16.00
epoch=19/100 sampled=13.69
epoch=20/100 sampled=14.54
epoch=21/100 sampled=16.08
epoch=22/100 sampled=13.85
epoch=23/100 sampled=15.85
epoch=24/100 sampled=16.00
epoch=25/100 sampled=15.85
epoch=26/100 sampled=16.15
epoch=27/100 sampled=14.85
epoch=28/100 sampled=14.62
epoch=29/100 sampled=14.15
epoch=30/100 sampled=18.46
epoch=31/100 sampled=15.85
epoch=32/100 sampled=15.31
epoch=33/100 sampled=15.85
epoch=34/100 sampled=14.69
epoch=35/100 sampled=16.54
epoch=36/100 sampled=15.92
epoch=37/100 sampled=14.31
epoch=38/100 sampled=15.62
epoch=39/100 sampled=15.00
epoch=40/100 sampled=17.77
epoch=41/100 sampled=16.15
epoch=42/100 sampled=15.38
epoch=43/100 sampled=17.00
epoch=44/100 sampled=15.38
epoch=45/100 sampled=15.77
epoch=46/100 sampled=15.31
epoch=47/100 sampled=15.38
epoch=48/100 sampled=15.85
epoch=49/100 sampled=15.23
epoch=50/100 sampled=16.15
epoch=51/100 sampled=16.62
epoch=52/100 sampled=16.92
epoch=53/100 sampled=17.23
epoch=54/100 sampled=16.31
epoch=55/100 sampled=14.00
epoch=56/100 sampled=14.77
epoch=57/100 sampled=15.46
epoch=58/100 sampled=15.85
epoch=59/100 sampled=17.31
epoch=60/100 sampled=14.00
epoch=61/100 sampled=15.69
epoch=62/100 sampled=16.62
epoch=63/100 sampled=15.08
epoch=64/100 sampled=15.38
epoch=65/100 sampled=14.54
epoch=66/100 sampled=16.00
epoch=67/100 sampled=16.23
epoch=68/100 sampled=16.15
epoch=69/100 sampled=16.85
epoch=70/100 sampled=12.85
epoch=71/100 sampled=14.92
epoch=72/100 sampled=15.46
epoch=73/100 sampled=17.00
epoch=74/100 sampled=16.31
epoch=75/100 sampled=14.62
epoch=76/100 sampled=14.38
epoch=77/100 sampled=15.38
epoch=78/100 sampled=16.38
epoch=79/100 sampled=15.38
epoch=80/100 sampled=17.15
epoch=81/100 sampled=17.15
epoch=82/100 sampled=16.77
epoch=83/100 sampled=17.08
epoch=84/100 sampled=16.62
epoch=85/100 sampled=17.08
epoch=86/100 sampled=16.92
epoch=87/100 sampled=16.54
epoch=88/100 sampled=15.54
epoch=89/100 sampled=16.46
epoch=90/100 sampled=16.31
epoch=91/100 sampled=15.77
epoch=92/100 sampled=15.46
epoch=93/100 sampled=16.08
epoch=94/100 sampled=14.62
epoch=95/100 sampled=16.08
epoch=96/100 sampled=12.46
epoch=97/100 sampled=15.15
epoch=98/100 sampled=16.00
epoch=99/100 sampled=18.00
epoch=100/100 sampled=14.54
[DONE] target=PETS_CREDIT_low_eff_su2_r1_d6_b01__tune_dp_eps64 model=/home/najeeb/qurift_satML/pets_runs/pets_credit_defense_tuning/PETS_CREDIT_low_eff_su2_r1_d6_b01__tune_dp_eps64/target_model.pt
